
Warning: This is a simple server for use in testing or debugging Angular applications
locally. It hasn't been reviewed for security issues.

Binding this server to an open connection can result in compromising your application or
computer. Using a different host than the one passed to the "--host" flag might result in
websocket connection issues.

❯ Building...
✔ Building...
Initial chunk files | Names         |  Raw size
main.js             | main          | 441.29 kB |
styles.css          | styles        | 123.63 kB |
polyfills.js        | polyfills     |  95 bytes |

                    | Initial total | 565.01 kB

Application bundle generation complete. [7.986 seconds] - 2026-03-21T06:00:21.903Z

Watch mode enabled. Watching for file changes...
NOTE: Raw file sizes do not reflect development server per-request transformations.
  ➜  Local:   http://localhost:4300/
  ➜  Network: http://192.168.0.2:4300/
❯ Changes detected. Rebuilding...
✔ Changes detected. Rebuilding...
Initial chunk files | Names         |  Raw size
main.js             | main          | 441.29 kB |
styles.css          | styles        | 123.63 kB |
polyfills.js        | polyfills     |  95 bytes |

                    | Initial total | 565.01 kB

Application bundle generation complete. [0.792 seconds] - 2026-03-21T06:04:34.089Z

❯ Changes detected. Rebuilding...
✔ Changes detected. Rebuilding...

No output file changes.

Application bundle generation complete. [3.892 seconds] - 2026-03-21T06:05:27.699Z

❯ Changes detected. Rebuilding...
✔ Changes detected. Rebuilding...
Initial chunk files | Names         |  Raw size
main.js             | main          | 441.29 kB |
styles.css          | styles        | 123.63 kB |
polyfills.js        | polyfills     |  95 bytes |

                    | Initial total | 565.01 kB

Application bundle generation complete. [1.417 seconds] - 2026-03-21T07:23:19.157Z

❯ Changes detected. Rebuilding...
✔ Changes detected. Rebuilding...
Initial chunk files | Names         |  Raw size
main.js             | main          | 441.29 kB |
styles.css          | styles        | 123.63 kB |
polyfills.js        | polyfills     |  95 bytes |

                    | Initial total | 565.01 kB

Application bundle generation complete. [0.881 seconds] - 2026-03-21T07:24:58.688Z

❯ Changes detected. Rebuilding...
✔ Changes detected. Rebuilding...
Initial chunk files | Names         |  Raw size
main.js             | main          | 441.29 kB |
styles.css          | styles        | 123.63 kB |
polyfills.js        | polyfills     |  95 bytes |

                    | Initial total | 565.01 kB

Application bundle generation complete. [0.394 seconds] - 2026-03-21T07:27:12.206Z

❯ Changes detected. Rebuilding...
✔ Changes detected. Rebuilding...
Initial chunk files | Names         |  Raw size
main.js             | main          | 441.29 kB |
styles.css          | styles        | 123.63 kB |
polyfills.js        | polyfills     |  95 bytes |

                    | Initial total | 565.01 kB

Application bundle generation complete. [1.209 seconds] - 2026-03-21T07:59:44.295Z

❯ Changes detected. Rebuilding...
✔ Changes detected. Rebuilding...
Initial chunk files | Names |  Raw size
main.js             | main  | 441.45 kB |

Application bundle generation complete. [3.127 seconds] - 2026-03-21T08:00:14.657Z

Page reload sent to client(s).
❯ Changes detected. Rebuilding...
✔ Changes detected. Rebuilding...
Initial chunk files | Names |  Raw size
main.js             | main  | 440.10 kB |

Application bundle generation complete. [3.786 seconds] - 2026-03-21T08:00:44.816Z

Page reload sent to client(s).
❯ Changes detected. Rebuilding...
✔ Changes detected. Rebuilding...
Initial chunk files | Names         |  Raw size
main.js             | main          | 440.10 kB |
styles.css          | styles        | 123.63 kB |
polyfills.js        | polyfills     |  95 bytes |

                    | Initial total | 563.83 kB

Application bundle generation complete. [0.211 seconds] - 2026-03-21T08:01:48.626Z

❯ Changes detected. Rebuilding...
✔ Changes detected. Rebuilding...
Initial chunk files | Names         |  Raw size
main.js             | main          | 440.10 kB |
styles.css          | styles        | 123.63 kB |
polyfills.js        | polyfills     |  95 bytes |

                    | Initial total | 563.83 kB

Application bundle generation complete. [0.213 seconds] - 2026-03-21T08:03:02.664Z

❯ Changes detected. Rebuilding...
✔ Changes detected. Rebuilding...
Initial chunk files | Names |  Raw size
main.js             | main  | 440.10 kB |

Application bundle generation complete. [2.117 seconds] - 2026-03-21T08:03:51.991Z

Page reload sent to client(s).
❯ Changes detected. Rebuilding...
✔ Changes detected. Rebuilding...
Initial chunk files | Names         |  Raw size
main.js             | main          | 440.10 kB |
styles.css          | styles        | 123.63 kB |
polyfills.js        | polyfills     |  95 bytes |

                    | Initial total | 563.83 kB

Application bundle generation complete. [0.667 seconds] - 2026-03-21T08:06:55.715Z

❯ Changes detected. Rebuilding...
✔ Changes detected. Rebuilding...
Initial chunk files | Names         |  Raw size
main.js             | main          | 440.10 kB |
styles.css          | styles        | 123.63 kB |
polyfills.js        | polyfills     |  95 bytes |

                    | Initial total | 563.83 kB

Application bundle generation complete. [0.422 seconds] - 2026-03-21T08:08:24.415Z

❯ Changes detected. Rebuilding...
✔ Changes detected. Rebuilding...
Initial chunk files | Names         |  Raw size
main.js             | main          | 440.10 kB |
styles.css          | styles        | 123.63 kB |
polyfills.js        | polyfills     |  95 bytes |

                    | Initial total | 563.83 kB

Application bundle generation complete. [0.891 seconds] - 2026-03-21T09:55:17.327Z

❯ Changes detected. Rebuilding...
✔ Changes detected. Rebuilding...
Initial chunk files | Names         |  Raw size
main.js             | main          | 440.10 kB |
styles.css          | styles        | 123.63 kB |
polyfills.js        | polyfills     |  95 bytes |

                    | Initial total | 563.83 kB

Application bundle generation complete. [0.320 seconds] - 2026-03-21T10:01:39.076Z

❯ Changes detected. Rebuilding...
✔ Changes detected. Rebuilding...
Initial chunk files | Names         |  Raw size
main.js             | main          | 440.10 kB |
styles.css          | styles        | 123.63 kB |
polyfills.js        | polyfills     |  95 bytes |

                    | Initial total | 563.83 kB

Application bundle generation complete. [0.220 seconds] - 2026-03-21T10:09:41.708Z

❯ Changes detected. Rebuilding...
✔ Changes detected. Rebuilding...
Initial chunk files | Names         |  Raw size
main.js             | main          | 440.10 kB |
styles.css          | styles        | 123.63 kB |
polyfills.js        | polyfills     |  95 bytes |

                    | Initial total | 563.83 kB

Application bundle generation complete. [0.230 seconds] - 2026-03-21T10:11:34.289Z

❯ Changes detected. Rebuilding...
✔ Changes detected. Rebuilding...
Initial chunk files | Names         |  Raw size
main.js             | main          | 440.10 kB |
styles.css          | styles        | 123.63 kB |
polyfills.js        | polyfills     |  95 bytes |

                    | Initial total | 563.83 kB

Application bundle generation complete. [0.139 seconds] - 2026-03-21T10:14:01.031Z

❯ Changes detected. Rebuilding...
✔ Changes detected. Rebuilding...
Initial chunk files | Names         |  Raw size
main.js             | main          | 440.10 kB |
styles.css          | styles        | 123.63 kB |
polyfills.js        | polyfills     |  95 bytes |

                    | Initial total | 563.83 kB

Application bundle generation complete. [2.658 seconds] - 2026-03-23T02:33:29.380Z

❯ Changes detected. Rebuilding...
✔ Changes detected. Rebuilding...
Initial chunk files | Names         |  Raw size
main.js             | main          | 440.10 kB |
styles.css          | styles        | 123.63 kB |
polyfills.js        | polyfills     |  95 bytes |

                    | Initial total | 563.83 kB

Application bundle generation complete. [0.275 seconds] - 2026-03-23T02:36:05.474Z

❯ Changes detected. Rebuilding...
✔ Changes detected. Rebuilding...
Initial chunk files | Names         |  Raw size
main.js             | main          | 440.10 kB |
styles.css          | styles        | 123.63 kB |
polyfills.js        | polyfills     |  95 bytes |

                    | Initial total | 563.83 kB

Application bundle generation complete. [0.256 seconds] - 2026-03-23T02:37:33.798Z

❯ Changes detected. Rebuilding...
✔ Changes detected. Rebuilding...
Initial chunk files | Names         |  Raw size
main.js             | main          | 440.10 kB |
styles.css          | styles        | 123.63 kB |
polyfills.js        | polyfills     |  95 bytes |

                    | Initial total | 563.83 kB

Application bundle generation complete. [0.245 seconds] - 2026-03-23T02:39:24.596Z

❯ Changes detected. Rebuilding...
✔ Changes detected. Rebuilding...
Initial chunk files | Names         |  Raw size
main.js             | main          | 440.10 kB |
styles.css          | styles        | 123.63 kB |
polyfills.js        | polyfills     |  95 bytes |

                    | Initial total | 563.83 kB

Application bundle generation complete. [0.203 seconds] - 2026-03-23T02:42:04.051Z

❯ Changes detected. Rebuilding...
✔ Changes detected. Rebuilding...
Initial chunk files | Names         |  Raw size
main.js             | main          | 440.10 kB |
styles.css          | styles        | 123.63 kB |
polyfills.js        | polyfills     |  95 bytes |

                    | Initial total | 563.83 kB

Application bundle generation complete. [0.257 seconds] - 2026-03-23T02:43:15.933Z

❯ Changes detected. Rebuilding...
✔ Changes detected. Rebuilding...
Initial chunk files | Names         |  Raw size
main.js             | main          | 440.10 kB |
styles.css          | styles        | 123.63 kB |
polyfills.js        | polyfills     |  95 bytes |

                    | Initial total | 563.83 kB

Application bundle generation complete. [0.210 seconds] - 2026-03-23T02:44:17.555Z

❯ Changes detected. Rebuilding...
✔ Changes detected. Rebuilding...
Initial chunk files | Names         |  Raw size
main.js             | main          | 440.10 kB |
styles.css          | styles        | 123.63 kB |
polyfills.js        | polyfills     |  95 bytes |

                    | Initial total | 563.83 kB

Application bundle generation complete. [0.191 seconds] - 2026-03-23T02:48:36.774Z

❯ Changes detected. Rebuilding...
✔ Changes detected. Rebuilding...
Initial chunk files | Names         |  Raw size
main.js             | main          | 440.10 kB |
styles.css          | styles        | 123.63 kB |
polyfills.js        | polyfills     |  95 bytes |

                    | Initial total | 563.83 kB

Application bundle generation complete. [0.189 seconds] - 2026-03-23T02:50:51.113Z

❯ Changes detected. Rebuilding...
✔ Changes detected. Rebuilding...
Initial chunk files | Names         |  Raw size
main.js             | main          | 440.10 kB |
styles.css          | styles        | 123.63 kB |
polyfills.js        | polyfills     |  95 bytes |

                    | Initial total | 563.83 kB

Application bundle generation complete. [0.150 seconds] - 2026-03-23T02:52:14.211Z

❯ Changes detected. Rebuilding...
✔ Changes detected. Rebuilding...
Initial chunk files | Names         |  Raw size
main.js             | main          | 440.10 kB |
styles.css          | styles        | 123.63 kB |
polyfills.js        | polyfills     |  95 bytes |

                    | Initial total | 563.83 kB

Application bundle generation complete. [0.175 seconds] - 2026-03-23T02:53:23.924Z

❯ Changes detected. Rebuilding...
✔ Changes detected. Rebuilding...
Initial chunk files | Names         |  Raw size
main.js             | main          | 440.10 kB |
styles.css          | styles        | 123.63 kB |
polyfills.js        | polyfills     |  95 bytes |

                    | Initial total | 563.83 kB

Application bundle generation complete. [0.215 seconds] - 2026-03-23T02:54:14.927Z

❯ Changes detected. Rebuilding...
✔ Changes detected. Rebuilding...
Initial chunk files | Names         |  Raw size
main.js             | main          | 440.10 kB |
styles.css          | styles        | 123.63 kB |
polyfills.js        | polyfills     |  95 bytes |

                    | Initial total | 563.83 kB

Application bundle generation complete. [0.186 seconds] - 2026-03-23T02:58:57.388Z

❯ Changes detected. Rebuilding...
✔ Changes detected. Rebuilding...
Initial chunk files | Names         |  Raw size
main.js             | main          | 440.10 kB |
styles.css          | styles        | 123.63 kB |
polyfills.js        | polyfills     |  95 bytes |

                    | Initial total | 563.83 kB

Application bundle generation complete. [0.228 seconds] - 2026-03-23T03:01:47.493Z

❯ Changes detected. Rebuilding...
✔ Changes detected. Rebuilding...
Initial chunk files | Names         |  Raw size
main.js             | main          | 440.10 kB |
styles.css          | styles        | 123.63 kB |
polyfills.js        | polyfills     |  95 bytes |

                    | Initial total | 563.83 kB

Application bundle generation complete. [0.193 seconds] - 2026-03-23T03:04:54.366Z

❯ Changes detected. Rebuilding...
✔ Changes detected. Rebuilding...
Initial chunk files | Names         |  Raw size
main.js             | main          | 440.10 kB |
styles.css          | styles        | 123.63 kB |
polyfills.js        | polyfills     |  95 bytes |

                    | Initial total | 563.83 kB

Application bundle generation complete. [0.162 seconds] - 2026-03-23T03:05:51.206Z

❯ Changes detected. Rebuilding...
✔ Changes detected. Rebuilding...
Initial chunk files | Names         |  Raw size
main.js             | main          | 440.10 kB |
styles.css          | styles        | 123.63 kB |
polyfills.js        | polyfills     |  95 bytes |

                    | Initial total | 563.83 kB

Application bundle generation complete. [0.221 seconds] - 2026-03-23T03:13:30.405Z

❯ Changes detected. Rebuilding...
✔ Changes detected. Rebuilding...
Initial chunk files | Names  |  Raw size
styles.css          | styles | 123.68 kB |

Application bundle generation complete. [0.660 seconds] - 2026-03-23T03:15:33.408Z

Stylesheet update sent to client(s).
