Path for java installation '/usr/lib/jvm/openjdk-21' (Common Linux Locations) does not contain a java executable
> Task :compileJava UP-TO-DATE
> Task :processResources UP-TO-DATE
> Task :classes UP-TO-DATE
> Task :resolveMainClassName UP-TO-DATE

> Task :bootRun
Standard Commons Logging discovery in action with spring-jcl: please remove commons-logging.jar from classpath in order to avoid potential conflicts

  .   ____          _            __ _ _
 /\\ / ___'_ __ _ _(_)_ __  __ _ \ \ \ \
( ( )\___ | '_ | '_| | '_ \/ _` | \ \ \ \
 \\/  ___)| |_)| | | | | || (_| |  ) ) ) )
  '  |____| .__|_| |_|_| |_\__, | / / / /
 =========|_|==============|___/=/_/_/_/
 :: Spring Boot ::                (v3.2.1)

2026-03-21T10:15:42.788Z  INFO 70786 --- [jewelry-backend] [           main] com.jewelry.backend.BackendApplication   : Starting BackendApplication using Java 21.0.10 with PID 70786 (/app/backend/build/classes/java/main started by jules in /app/backend)
2026-03-21T10:15:42.791Z  INFO 70786 --- [jewelry-backend] [           main] com.jewelry.backend.BackendApplication   : No active profile set, falling back to 1 default profile: "default"
2026-03-21T10:15:44.054Z  INFO 70786 --- [jewelry-backend] [           main] .s.d.r.c.RepositoryConfigurationDelegate : Bootstrapping Spring Data JPA repositories in DEFAULT mode.
2026-03-21T10:15:44.189Z  INFO 70786 --- [jewelry-backend] [           main] .s.d.r.c.RepositoryConfigurationDelegate : Finished Spring Data repository scanning in 125 ms. Found 20 JPA repository interfaces.
2026-03-21T10:15:45.138Z  INFO 70786 --- [jewelry-backend] [           main] o.s.b.w.embedded.tomcat.TomcatWebServer  : Tomcat initialized with port 8080 (http)
2026-03-21T10:15:45.151Z  INFO 70786 --- [jewelry-backend] [           main] o.apache.catalina.core.StandardService   : Starting service [Tomcat]
2026-03-21T10:15:45.152Z  INFO 70786 --- [jewelry-backend] [           main] o.apache.catalina.core.StandardEngine    : Starting Servlet engine: [Apache Tomcat/10.1.17]
2026-03-21T10:15:45.211Z  INFO 70786 --- [jewelry-backend] [           main] o.a.c.c.C.[Tomcat].[localhost].[/]       : Initializing Spring embedded WebApplicationContext
2026-03-21T10:15:45.213Z  INFO 70786 --- [jewelry-backend] [           main] w.s.c.ServletWebServerApplicationContext : Root WebApplicationContext: initialization completed in 2374 ms
Standard Commons Logging discovery in action with spring-jcl: please remove commons-logging.jar from classpath in order to avoid potential conflicts
2026-03-21T10:15:45.662Z  INFO 70786 --- [jewelry-backend] [           main] o.hibernate.jpa.internal.util.LogHelper  : HHH000204: Processing PersistenceUnitInfo [name: default]
2026-03-21T10:15:45.710Z  INFO 70786 --- [jewelry-backend] [           main] org.hibernate.Version                    : HHH000412: Hibernate ORM core version 6.4.1.Final
2026-03-21T10:15:45.740Z  INFO 70786 --- [jewelry-backend] [           main] o.h.c.internal.RegionFactoryInitiator    : HHH000026: Second-level cache disabled
2026-03-21T10:15:45.980Z  INFO 70786 --- [jewelry-backend] [           main] o.s.o.j.p.SpringPersistenceUnitInfo      : No LoadTimeWeaver setup: ignoring JPA class transformer
2026-03-21T10:15:46.005Z  INFO 70786 --- [jewelry-backend] [           main] com.zaxxer.hikari.HikariDataSource       : HikariPool-1 - Starting...
2026-03-21T10:15:46.177Z  INFO 70786 --- [jewelry-backend] [           main] com.zaxxer.hikari.pool.HikariPool        : HikariPool-1 - Added connection conn0: url=jdbc:h2:mem:jewelry_db user=SA
2026-03-21T10:15:46.179Z  INFO 70786 --- [jewelry-backend] [           main] com.zaxxer.hikari.HikariDataSource       : HikariPool-1 - Start completed.
2026-03-21T10:15:46.202Z  WARN 70786 --- [jewelry-backend] [           main] org.hibernate.orm.deprecation            : HHH90000025: H2Dialect does not need to be specified explicitly using 'hibernate.dialect' (remove the property setting and it will be selected by default)
2026-03-21T10:15:47.861Z  INFO 70786 --- [jewelry-backend] [           main] o.h.e.t.j.p.i.JtaPlatformInitiator       : HHH000489: No JTA platform available (set 'hibernate.transaction.jta.platform' to enable JTA platform integration)
2026-03-21T10:15:48.008Z  INFO 70786 --- [jewelry-backend] [           main] j.LocalContainerEntityManagerFactoryBean : Initialized JPA EntityManagerFactory for persistence unit 'default'
2026-03-21T10:15:48.667Z  INFO 70786 --- [jewelry-backend] [           main] o.s.d.j.r.query.QueryEnhancerFactory     : Hibernate is in classpath; If applicable, HQL parser will be used.
2026-03-21T10:15:50.830Z  WARN 70786 --- [jewelry-backend] [           main] JpaBaseConfiguration$JpaWebConfiguration : spring.jpa.open-in-view is enabled by default. Therefore, database queries may be performed during view rendering. Explicitly configure spring.jpa.open-in-view to disable this warning
2026-03-21T10:15:51.325Z  INFO 70786 --- [jewelry-backend] [           main] o.s.b.a.e.web.EndpointLinksResolver      : Exposing 1 endpoint(s) beneath base path '/actuator'
2026-03-21T10:15:51.423Z  INFO 70786 --- [jewelry-backend] [           main] o.s.s.web.DefaultSecurityFilterChain     : Will secure any request with [org.springframework.security.web.session.DisableEncodeUrlFilter@58bb2185, org.springframework.security.web.context.request.async.WebAsyncManagerIntegrationFilter@20bc2c00, org.springframework.security.web.context.SecurityContextHolderFilter@3a435908, org.springframework.security.web.header.HeaderWriterFilter@1fb0384a, org.springframework.web.filter.CorsFilter@2a89db92, org.springframework.security.web.authentication.logout.LogoutFilter@29de64ea, com.jewelry.backend.security.JwtAuthenticationFilter@26c84006, org.springframework.security.web.savedrequest.RequestCacheAwareFilter@6e145703, org.springframework.security.web.servletapi.SecurityContextHolderAwareRequestFilter@7c510a83, org.springframework.security.web.authentication.AnonymousAuthenticationFilter@22ea05b6, org.springframework.security.web.session.SessionManagementFilter@432e9de9, org.springframework.security.web.access.ExceptionTranslationFilter@4e29aac7, org.springframework.security.web.access.intercept.AuthorizationFilter@38b46854]
2026-03-21T10:15:52.178Z  INFO 70786 --- [jewelry-backend] [           main] o.s.b.w.embedded.tomcat.TomcatWebServer  : Tomcat started on port 8080 (http) with context path ''
2026-03-21T10:15:52.193Z  INFO 70786 --- [jewelry-backend] [           main] com.jewelry.backend.BackendApplication   : Started BackendApplication in 9.84 seconds (process running for 10.191)
Admin user created: admin@gemara.com
2026-03-21T10:17:18.193Z  INFO 70786 --- [jewelry-backend] [nio-8080-exec-1] o.a.c.c.C.[Tomcat].[localhost].[/]       : Initializing Spring DispatcherServlet 'dispatcherServlet'
2026-03-21T10:17:18.194Z  INFO 70786 --- [jewelry-backend] [nio-8080-exec-1] o.s.web.servlet.DispatcherServlet        : Initializing Servlet 'dispatcherServlet'
2026-03-21T10:17:18.198Z  INFO 70786 --- [jewelry-backend] [nio-8080-exec-1] o.s.web.servlet.DispatcherServlet        : Completed initialization in 4 ms
 Build failed with an exception.

* What went wrong:
Execution failed for task ':bootRun'.
> Process 'command '/usr/lib/jvm/java-21-openjdk-amd64/bin/java'' finished with non-zero exit value 143

* Try:
> Run with --stacktrace option to get the stack trace.
> Run with --info or --debug option to get more log output.
> Run with --scan to get full insights.
> Get more help at https://help.gradle.org.

BUILD FAILED in 51s
4 actionable tasks: 3 executed, 1 up-to-date
