
Warning: This is a simple server for use in testing or debugging Angular applications
locally. It hasn't been reviewed for security issues.

Binding this server to an open connection can result in compromising your application or
computer. Using a different host than the one passed to the "--host" flag might result in
websocket connection issues. You might need to use "--disable-host-check" if that's the
case.

❯ Building...
✔ Building...
Initial chunk files | Names              |  Raw size
styles.css          | styles             | 162.35 kB |
main.js             | main               | 130.75 kB |
chunk-5WA5XW6O.js   | -                  |   8.45 kB |
chunk-C6QAKNMJ.js   | -                  |   4.20 kB |
chunk-HTW43754.js   | -                  |   3.89 kB |
chunk-FJMI3LCA.js   | -                  |   3.26 kB |
chunk-QSNXJCWS.js   | -                  |   2.47 kB |
chunk-6Y2CA2AJ.js   | -                  |   2.13 kB |
chunk-ODITWSNP.js   | -                  |   2.13 kB |
chunk-Y2TJN7LJ.js   | -                  |   2.11 kB |
chunk-3WXPN7TQ.js   | -                  |   1.75 kB |
chunk-653SOEEV.js   | -                  |   1.51 kB |
chunk-LCGVFA3O.js   | -                  |   1.20 kB |
chunk-4S3FCL3R.js   | -                  |   1.19 kB |
chunk-ZP26WZID.js   | -                  | 497 bytes |
polyfills.js        | polyfills          |  95 bytes |

                    | Initial total      | 328.00 kB

Lazy chunk files    | Names              |  Raw size
chunk-WNHLW3QO.js   | product-detail     | 134.12 kB |
chunk-GVH6CE54.js   | account            |  77.01 kB |
chunk-7NKGF2OY.js   | products           |  71.47 kB |
chunk-2POX2C5J.js   | checkout           |  70.54 kB |
chunk-HR3V5JUL.js   | home               |  52.63 kB |
chunk-4FSSKZJ2.js   | rfq-request        |  49.38 kB |
chunk-ZA4UTNNC.js   | builder            |  34.97 kB |
chunk-5CAP6WAX.js   | cart               |  32.16 kB |
chunk-BU4NUFHL.js   | order-confirmation |  31.69 kB |
chunk-XC3H24WE.js   | compare            |  28.15 kB |
chunk-AWPJKOA7.js   | login              |  27.35 kB |
chunk-V54GOZWL.js   | -                  |  25.83 kB |
chunk-4QYBDAWL.js   | verify-certificate |  24.76 kB |
chunk-Y3LKALIK.js   | treasure-chest     |  22.68 kB |
chunk-3QQ6LTVY.js   | wishlist           |  18.85 kB |
...and 10 more lazy chunks files. Use "--verbose" to show all the files.

Application bundle generation complete. [8.517 seconds] - 2026-03-23T04:54:56.448Z

Watch mode enabled. Watching for file changes...
NOTE: Raw file sizes do not reflect development server per-request transformations.
  ➜  Local:   http://localhost:3000/
  ➜  Network: http://192.168.0.2:3000/
❯ Changes detected. Rebuilding...
Error: Cannot apply unknown utility class `px-3`. Are you using CSS modules or similar and missing `@reference`? https://tailwindcss.com/docs/functions-and-directives#reference-directive
    at onInvalidCandidate (/app/node_modules/tailwindcss/dist/lib.js:21:1314)
    at Ee (/app/node_modules/tailwindcss/dist/lib.js:16:37066)
    at /app/node_modules/tailwindcss/dist/lib.js:21:355
    at Pr (/app/node_modules/tailwindcss/dist/lib.js:3:1733)
    at _ (/app/node_modules/tailwindcss/dist/lib.js:3:1377)
    at Te (/app/node_modules/tailwindcss/dist/lib.js:21:172)
    at pn (/app/node_modules/tailwindcss/dist/lib.js:38:294)
    at process.processTicksAndRejections (node:internal/process/task_queues:103:5)
    at async dn (/app/node_modules/tailwindcss/dist/lib.js:38:631)
    at async Xr (/app/node_modules/@tailwindcss/node/dist/index.js:10:3417)
✔ Changes detected. Rebuilding...
Application bundle generation failed. [15.283 seconds] - 2026-03-23T04:59:41.816Z

[31m✘ [41;31m[[41;97mERROR[41;31m][0m [1mCannot apply unknown utility class `px-3`. Are you using CSS modules or similar and missing `@reference`? https://tailwindcss.com/docs/functions-and-directives#reference-directive[0m [1m[35m[plugin angular-css][0m

    src/app/pages/product-detail.ts:1:0:
[37m      1 │ [32m[37m
        ╵ [32m^[0m


❯ Changes detected. Rebuilding...
✔ Changes detected. Rebuilding...
Initial chunk files | Names              |  Raw size
styles.css          | styles             | 164.74 kB |
main.js             | main               | 130.75 kB |
chunk-5WA5XW6O.js   | -                  |   8.45 kB |
chunk-C6QAKNMJ.js   | -                  |   4.20 kB |
chunk-HTW43754.js   | -                  |   3.89 kB |
chunk-FJMI3LCA.js   | -                  |   3.26 kB |
chunk-QSNXJCWS.js   | -                  |   2.47 kB |
chunk-6Y2CA2AJ.js   | -                  |   2.13 kB |
chunk-ODITWSNP.js   | -                  |   2.13 kB |
chunk-Y2TJN7LJ.js   | -                  |   2.11 kB |
chunk-3WXPN7TQ.js   | -                  |   1.75 kB |
chunk-653SOEEV.js   | -                  |   1.51 kB |
chunk-LCGVFA3O.js   | -                  |   1.20 kB |
chunk-4S3FCL3R.js   | -                  |   1.19 kB |
chunk-ZP26WZID.js   | -                  | 497 bytes |
polyfills.js        | polyfills          |  95 bytes |

                    | Initial total      | 330.39 kB

Lazy chunk files    | Names              |  Raw size
chunk-G5AUYTBB.js   | product-detail     | 135.34 kB |
chunk-GVH6CE54.js   | account            |  77.01 kB |
chunk-7NKGF2OY.js   | products           |  71.47 kB |
chunk-2POX2C5J.js   | checkout           |  70.54 kB |
chunk-HR3V5JUL.js   | home               |  52.63 kB |
chunk-4FSSKZJ2.js   | rfq-request        |  49.38 kB |
chunk-ZA4UTNNC.js   | builder            |  34.97 kB |
chunk-5CAP6WAX.js   | cart               |  32.16 kB |
chunk-BU4NUFHL.js   | order-confirmation |  31.69 kB |
chunk-XC3H24WE.js   | compare            |  28.15 kB |
chunk-AWPJKOA7.js   | login              |  27.35 kB |
chunk-V54GOZWL.js   | -                  |  25.83 kB |
chunk-4QYBDAWL.js   | verify-certificate |  24.76 kB |
chunk-Y3LKALIK.js   | treasure-chest     |  22.68 kB |
chunk-3QQ6LTVY.js   | wishlist           |  18.85 kB |
...and 10 more lazy chunks files. Use "--verbose" to show all the files.

Application bundle generation complete. [2.441 seconds] - 2026-03-23T05:00:05.315Z

Page reload sent to client(s).
