
Warning: This is a simple server for use in testing or debugging Angular applications
locally. It hasn't been reviewed for security issues.

Binding this server to an open connection can result in compromising your application or
computer. Using a different host than the one passed to the "--host" flag might result in
websocket connection issues. You might need to use "--disable-host-check" if that's the
case.

❯ Building...
✔ Building...
Initial chunk files | Names              |  Raw size
styles.css          | styles             | 162.36 kB |
main.js             | main               | 130.75 kB |
chunk-5WA5XW6O.js   | -                  |   8.45 kB |
chunk-C6QAKNMJ.js   | -                  |   4.20 kB |
chunk-HTW43754.js   | -                  |   3.89 kB |
chunk-FJMI3LCA.js   | -                  |   3.26 kB |
chunk-QSNXJCWS.js   | -                  |   2.47 kB |
chunk-6Y2CA2AJ.js   | -                  |   2.13 kB |
chunk-ODITWSNP.js   | -                  |   2.13 kB |
chunk-Y2TJN7LJ.js   | -                  |   2.11 kB |
chunk-3WXPN7TQ.js   | -                  |   1.75 kB |
chunk-653SOEEV.js   | -                  |   1.51 kB |
chunk-LCGVFA3O.js   | -                  |   1.20 kB |
chunk-4S3FCL3R.js   | -                  |   1.19 kB |
chunk-ZP26WZID.js   | -                  | 497 bytes |
polyfills.js        | polyfills          |  95 bytes |

                    | Initial total      | 328.01 kB

Lazy chunk files    | Names              |  Raw size
chunk-RXN7ANHE.js   | product-detail     | 137.02 kB |
chunk-GVH6CE54.js   | account            |  77.01 kB |
chunk-7NKGF2OY.js   | products           |  71.47 kB |
chunk-2POX2C5J.js   | checkout           |  70.54 kB |
chunk-MRUCEDTO.js   | home               |  52.30 kB |
chunk-4FSSKZJ2.js   | rfq-request        |  49.38 kB |
chunk-ZA4UTNNC.js   | builder            |  34.97 kB |
chunk-5CAP6WAX.js   | cart               |  32.16 kB |
chunk-BU4NUFHL.js   | order-confirmation |  31.69 kB |
chunk-XC3H24WE.js   | compare            |  28.15 kB |
chunk-AWPJKOA7.js   | login              |  27.35 kB |
chunk-V54GOZWL.js   | -                  |  25.83 kB |
chunk-4QYBDAWL.js   | verify-certificate |  24.76 kB |
chunk-Y3LKALIK.js   | treasure-chest     |  22.68 kB |
chunk-3QQ6LTVY.js   | wishlist           |  18.85 kB |
...and 10 more lazy chunks files. Use "--verbose" to show all the files.

Application bundle generation complete. [10.754 seconds] - 2026-03-21T06:01:23.375Z

Watch mode enabled. Watching for file changes...
NOTE: Raw file sizes do not reflect development server per-request transformations.
  ➜  Local:   http://localhost:3000/
  ➜  Network: http://192.168.0.2:3000/
❯ Changes detected. Rebuilding...
✔ Changes detected. Rebuilding...
Initial chunk files | Names              |  Raw size
styles.css          | styles             | 162.36 kB |
main.js             | main               | 130.75 kB |
chunk-5WA5XW6O.js   | -                  |   8.45 kB |
chunk-C6QAKNMJ.js   | -                  |   4.20 kB |
chunk-HTW43754.js   | -                  |   3.89 kB |
chunk-FJMI3LCA.js   | -                  |   3.26 kB |
chunk-QSNXJCWS.js   | -                  |   2.47 kB |
chunk-6Y2CA2AJ.js   | -                  |   2.13 kB |
chunk-ODITWSNP.js   | -                  |   2.13 kB |
chunk-Y2TJN7LJ.js   | -                  |   2.11 kB |
chunk-3WXPN7TQ.js   | -                  |   1.75 kB |
chunk-653SOEEV.js   | -                  |   1.51 kB |
chunk-LCGVFA3O.js   | -                  |   1.20 kB |
chunk-4S3FCL3R.js   | -                  |   1.19 kB |
chunk-ZP26WZID.js   | -                  | 497 bytes |
polyfills.js        | polyfills          |  95 bytes |

                    | Initial total      | 328.01 kB

Lazy chunk files    | Names              |  Raw size
chunk-RXN7ANHE.js   | product-detail     | 137.02 kB |
chunk-GVH6CE54.js   | account            |  77.01 kB |
chunk-7NKGF2OY.js   | products           |  71.47 kB |
chunk-2POX2C5J.js   | checkout           |  70.54 kB |
chunk-MRUCEDTO.js   | home               |  52.30 kB |
chunk-4FSSKZJ2.js   | rfq-request        |  49.38 kB |
chunk-ZA4UTNNC.js   | builder            |  34.97 kB |
chunk-5CAP6WAX.js   | cart               |  32.16 kB |
chunk-BU4NUFHL.js   | order-confirmation |  31.69 kB |
chunk-XC3H24WE.js   | compare            |  28.15 kB |
chunk-AWPJKOA7.js   | login              |  27.35 kB |
chunk-V54GOZWL.js   | -                  |  25.83 kB |
chunk-4QYBDAWL.js   | verify-certificate |  24.76 kB |
chunk-Y3LKALIK.js   | treasure-chest     |  22.68 kB |
chunk-3QQ6LTVY.js   | wishlist           |  18.85 kB |
...and 10 more lazy chunks files. Use "--verbose" to show all the files.

Application bundle generation complete. [0.828 seconds] - 2026-03-21T06:04:34.124Z

❯ Changes detected. Rebuilding...
✔ Changes detected. Rebuilding...
Initial chunk files | Names              |  Raw size
styles.css          | styles             | 162.36 kB |
main.js             | main               | 130.75 kB |
chunk-5WA5XW6O.js   | -                  |   8.45 kB |
chunk-C6QAKNMJ.js   | -                  |   4.20 kB |
chunk-HTW43754.js   | -                  |   3.89 kB |
chunk-FJMI3LCA.js   | -                  |   3.26 kB |
chunk-QSNXJCWS.js   | -                  |   2.47 kB |
chunk-6Y2CA2AJ.js   | -                  |   2.13 kB |
chunk-ODITWSNP.js   | -                  |   2.13 kB |
chunk-Y2TJN7LJ.js   | -                  |   2.11 kB |
chunk-3WXPN7TQ.js   | -                  |   1.75 kB |
chunk-653SOEEV.js   | -                  |   1.51 kB |
chunk-LCGVFA3O.js   | -                  |   1.20 kB |
chunk-4S3FCL3R.js   | -                  |   1.19 kB |
chunk-ZP26WZID.js   | -                  | 497 bytes |
polyfills.js        | polyfills          |  95 bytes |

                    | Initial total      | 328.01 kB

Lazy chunk files    | Names              |  Raw size
chunk-RXN7ANHE.js   | product-detail     | 137.02 kB |
chunk-GVH6CE54.js   | account            |  77.01 kB |
chunk-7NKGF2OY.js   | products           |  71.47 kB |
chunk-2POX2C5J.js   | checkout           |  70.54 kB |
chunk-MRUCEDTO.js   | home               |  52.30 kB |
chunk-4FSSKZJ2.js   | rfq-request        |  49.38 kB |
chunk-ZA4UTNNC.js   | builder            |  34.97 kB |
chunk-5CAP6WAX.js   | cart               |  32.16 kB |
chunk-BU4NUFHL.js   | order-confirmation |  31.69 kB |
chunk-XC3H24WE.js   | compare            |  28.15 kB |
chunk-AWPJKOA7.js   | login              |  27.35 kB |
chunk-V54GOZWL.js   | -                  |  25.83 kB |
chunk-4QYBDAWL.js   | verify-certificate |  24.76 kB |
chunk-Y3LKALIK.js   | treasure-chest     |  22.68 kB |
chunk-3QQ6LTVY.js   | wishlist           |  18.85 kB |
...and 10 more lazy chunks files. Use "--verbose" to show all the files.

Application bundle generation complete. [0.579 seconds] - 2026-03-21T06:05:24.386Z

❯ Changes detected. Rebuilding...
✔ Changes detected. Rebuilding...
Initial chunk files | Names |  Raw size
main.js             | main  | 130.75 kB |

Lazy chunk files    | Names |  Raw size
chunk-WKUREZWE.js   | home  |  52.41 kB |

Application bundle generation complete. [12.280 seconds] - 2026-03-21T07:23:29.983Z

Component update sent to client(s).
❯ Changes detected. Rebuilding...
✔ Changes detected. Rebuilding...
Initial chunk files | Names |  Raw size
main.js             | main  | 130.75 kB |

Lazy chunk files    | Names |  Raw size
chunk-HR3V5JUL.js   | home  |  52.63 kB |

Application bundle generation complete. [1.657 seconds] - 2026-03-21T07:24:59.461Z

Component update sent to client(s).
❯ Changes detected. Rebuilding...
✔ Changes detected. Rebuilding...
Initial chunk files | Names              |  Raw size
styles.css          | styles             | 162.36 kB |
main.js             | main               | 130.75 kB |
chunk-5WA5XW6O.js   | -                  |   8.45 kB |
chunk-C6QAKNMJ.js   | -                  |   4.20 kB |
chunk-HTW43754.js   | -                  |   3.89 kB |
chunk-FJMI3LCA.js   | -                  |   3.26 kB |
chunk-QSNXJCWS.js   | -                  |   2.47 kB |
chunk-6Y2CA2AJ.js   | -                  |   2.13 kB |
chunk-ODITWSNP.js   | -                  |   2.13 kB |
chunk-Y2TJN7LJ.js   | -                  |   2.11 kB |
chunk-3WXPN7TQ.js   | -                  |   1.75 kB |
chunk-653SOEEV.js   | -                  |   1.51 kB |
chunk-LCGVFA3O.js   | -                  |   1.20 kB |
chunk-4S3FCL3R.js   | -                  |   1.19 kB |
chunk-ZP26WZID.js   | -                  | 497 bytes |
polyfills.js        | polyfills          |  95 bytes |

                    | Initial total      | 328.01 kB

Lazy chunk files    | Names              |  Raw size
chunk-RXN7ANHE.js   | product-detail     | 137.02 kB |
chunk-GVH6CE54.js   | account            |  77.01 kB |
chunk-7NKGF2OY.js   | products           |  71.47 kB |
chunk-2POX2C5J.js   | checkout           |  70.54 kB |
chunk-HR3V5JUL.js   | home               |  52.63 kB |
chunk-4FSSKZJ2.js   | rfq-request        |  49.38 kB |
chunk-ZA4UTNNC.js   | builder            |  34.97 kB |
chunk-5CAP6WAX.js   | cart               |  32.16 kB |
chunk-BU4NUFHL.js   | order-confirmation |  31.69 kB |
chunk-XC3H24WE.js   | compare            |  28.15 kB |
chunk-AWPJKOA7.js   | login              |  27.35 kB |
chunk-V54GOZWL.js   | -                  |  25.83 kB |
chunk-4QYBDAWL.js   | verify-certificate |  24.76 kB |
chunk-Y3LKALIK.js   | treasure-chest     |  22.68 kB |
chunk-3QQ6LTVY.js   | wishlist           |  18.85 kB |
...and 10 more lazy chunks files. Use "--verbose" to show all the files.

Application bundle generation complete. [0.362 seconds] - 2026-03-21T07:27:12.174Z

❯ Changes detected. Rebuilding...
✔ Changes detected. Rebuilding...
Initial chunk files | Names              |  Raw size
styles.css          | styles             | 162.36 kB |
main.js             | main               | 130.75 kB |
chunk-5WA5XW6O.js   | -                  |   8.45 kB |
chunk-C6QAKNMJ.js   | -                  |   4.20 kB |
chunk-HTW43754.js   | -                  |   3.89 kB |
chunk-FJMI3LCA.js   | -                  |   3.26 kB |
chunk-QSNXJCWS.js   | -                  |   2.47 kB |
chunk-6Y2CA2AJ.js   | -                  |   2.13 kB |
chunk-ODITWSNP.js   | -                  |   2.13 kB |
chunk-Y2TJN7LJ.js   | -                  |   2.11 kB |
chunk-3WXPN7TQ.js   | -                  |   1.75 kB |
chunk-653SOEEV.js   | -                  |   1.51 kB |
chunk-LCGVFA3O.js   | -                  |   1.20 kB |
chunk-4S3FCL3R.js   | -                  |   1.19 kB |
chunk-ZP26WZID.js   | -                  | 497 bytes |
polyfills.js        | polyfills          |  95 bytes |

                    | Initial total      | 328.01 kB

Lazy chunk files    | Names              |  Raw size
chunk-RXN7ANHE.js   | product-detail     | 137.02 kB |
chunk-GVH6CE54.js   | account            |  77.01 kB |
chunk-7NKGF2OY.js   | products           |  71.47 kB |
chunk-2POX2C5J.js   | checkout           |  70.54 kB |
chunk-HR3V5JUL.js   | home               |  52.63 kB |
chunk-4FSSKZJ2.js   | rfq-request        |  49.38 kB |
chunk-ZA4UTNNC.js   | builder            |  34.97 kB |
chunk-5CAP6WAX.js   | cart               |  32.16 kB |
chunk-BU4NUFHL.js   | order-confirmation |  31.69 kB |
chunk-XC3H24WE.js   | compare            |  28.15 kB |
chunk-AWPJKOA7.js   | login              |  27.35 kB |
chunk-V54GOZWL.js   | -                  |  25.83 kB |
chunk-4QYBDAWL.js   | verify-certificate |  24.76 kB |
chunk-Y3LKALIK.js   | treasure-chest     |  22.68 kB |
chunk-3QQ6LTVY.js   | wishlist           |  18.85 kB |
...and 10 more lazy chunks files. Use "--verbose" to show all the files.

Application bundle generation complete. [2.020 seconds] - 2026-03-21T07:59:45.139Z

❯ Changes detected. Rebuilding...
✔ Changes detected. Rebuilding...
Initial chunk files | Names              |  Raw size
styles.css          | styles             | 162.36 kB |
main.js             | main               | 130.75 kB |
chunk-5WA5XW6O.js   | -                  |   8.45 kB |
chunk-C6QAKNMJ.js   | -                  |   4.20 kB |
chunk-HTW43754.js   | -                  |   3.89 kB |
chunk-FJMI3LCA.js   | -                  |   3.26 kB |
chunk-QSNXJCWS.js   | -                  |   2.47 kB |
chunk-6Y2CA2AJ.js   | -                  |   2.13 kB |
chunk-ODITWSNP.js   | -                  |   2.13 kB |
chunk-Y2TJN7LJ.js   | -                  |   2.11 kB |
chunk-3WXPN7TQ.js   | -                  |   1.75 kB |
chunk-653SOEEV.js   | -                  |   1.51 kB |
chunk-LCGVFA3O.js   | -                  |   1.20 kB |
chunk-4S3FCL3R.js   | -                  |   1.19 kB |
chunk-ZP26WZID.js   | -                  | 497 bytes |
polyfills.js        | polyfills          |  95 bytes |

                    | Initial total      | 328.01 kB

Lazy chunk files    | Names              |  Raw size
chunk-RXN7ANHE.js   | product-detail     | 137.02 kB |
chunk-GVH6CE54.js   | account            |  77.01 kB |
chunk-7NKGF2OY.js   | products           |  71.47 kB |
chunk-2POX2C5J.js   | checkout           |  70.54 kB |
chunk-HR3V5JUL.js   | home               |  52.63 kB |
chunk-4FSSKZJ2.js   | rfq-request        |  49.38 kB |
chunk-ZA4UTNNC.js   | builder            |  34.97 kB |
chunk-5CAP6WAX.js   | cart               |  32.16 kB |
chunk-BU4NUFHL.js   | order-confirmation |  31.69 kB |
chunk-XC3H24WE.js   | compare            |  28.15 kB |
chunk-AWPJKOA7.js   | login              |  27.35 kB |
chunk-V54GOZWL.js   | -                  |  25.83 kB |
chunk-4QYBDAWL.js   | verify-certificate |  24.76 kB |
chunk-Y3LKALIK.js   | treasure-chest     |  22.68 kB |
chunk-3QQ6LTVY.js   | wishlist           |  18.85 kB |
...and 10 more lazy chunks files. Use "--verbose" to show all the files.

Application bundle generation complete. [0.712 seconds] - 2026-03-21T08:00:12.241Z

❯ Changes detected. Rebuilding...
✔ Changes detected. Rebuilding...
Initial chunk files | Names              |  Raw size
styles.css          | styles             | 162.36 kB |
main.js             | main               | 130.75 kB |
chunk-5WA5XW6O.js   | -                  |   8.45 kB |
chunk-C6QAKNMJ.js   | -                  |   4.20 kB |
chunk-HTW43754.js   | -                  |   3.89 kB |
chunk-FJMI3LCA.js   | -                  |   3.26 kB |
chunk-QSNXJCWS.js   | -                  |   2.47 kB |
chunk-6Y2CA2AJ.js   | -                  |   2.13 kB |
chunk-ODITWSNP.js   | -                  |   2.13 kB |
chunk-Y2TJN7LJ.js   | -                  |   2.11 kB |
chunk-3WXPN7TQ.js   | -                  |   1.75 kB |
chunk-653SOEEV.js   | -                  |   1.51 kB |
chunk-LCGVFA3O.js   | -                  |   1.20 kB |
chunk-4S3FCL3R.js   | -                  |   1.19 kB |
chunk-ZP26WZID.js   | -                  | 497 bytes |
polyfills.js        | polyfills          |  95 bytes |

                    | Initial total      | 328.01 kB

Lazy chunk files    | Names              |  Raw size
chunk-RXN7ANHE.js   | product-detail     | 137.02 kB |
chunk-GVH6CE54.js   | account            |  77.01 kB |
chunk-7NKGF2OY.js   | products           |  71.47 kB |
chunk-2POX2C5J.js   | checkout           |  70.54 kB |
chunk-HR3V5JUL.js   | home               |  52.63 kB |
chunk-4FSSKZJ2.js   | rfq-request        |  49.38 kB |
chunk-ZA4UTNNC.js   | builder            |  34.97 kB |
chunk-5CAP6WAX.js   | cart               |  32.16 kB |
chunk-BU4NUFHL.js   | order-confirmation |  31.69 kB |
chunk-XC3H24WE.js   | compare            |  28.15 kB |
chunk-AWPJKOA7.js   | login              |  27.35 kB |
chunk-V54GOZWL.js   | -                  |  25.83 kB |
chunk-4QYBDAWL.js   | verify-certificate |  24.76 kB |
chunk-Y3LKALIK.js   | treasure-chest     |  22.68 kB |
chunk-3QQ6LTVY.js   | wishlist           |  18.85 kB |
...and 10 more lazy chunks files. Use "--verbose" to show all the files.

Application bundle generation complete. [0.340 seconds] - 2026-03-21T08:00:41.369Z

❯ Changes detected. Rebuilding...
✔ Changes detected. Rebuilding...
Initial chunk files | Names              |  Raw size
styles.css          | styles             | 162.36 kB |
main.js             | main               | 130.75 kB |
chunk-5WA5XW6O.js   | -                  |   8.45 kB |
chunk-C6QAKNMJ.js   | -                  |   4.20 kB |
chunk-HTW43754.js   | -                  |   3.89 kB |
chunk-FJMI3LCA.js   | -                  |   3.26 kB |
chunk-QSNXJCWS.js   | -                  |   2.47 kB |
chunk-6Y2CA2AJ.js   | -                  |   2.13 kB |
chunk-ODITWSNP.js   | -                  |   2.13 kB |
chunk-Y2TJN7LJ.js   | -                  |   2.11 kB |
chunk-3WXPN7TQ.js   | -                  |   1.75 kB |
chunk-653SOEEV.js   | -                  |   1.51 kB |
chunk-LCGVFA3O.js   | -                  |   1.20 kB |
chunk-4S3FCL3R.js   | -                  |   1.19 kB |
chunk-ZP26WZID.js   | -                  | 497 bytes |
polyfills.js        | polyfills          |  95 bytes |

                    | Initial total      | 328.01 kB

Lazy chunk files    | Names              |  Raw size
chunk-RXN7ANHE.js   | product-detail     | 137.02 kB |
chunk-GVH6CE54.js   | account            |  77.01 kB |
chunk-7NKGF2OY.js   | products           |  71.47 kB |
chunk-2POX2C5J.js   | checkout           |  70.54 kB |
chunk-HR3V5JUL.js   | home               |  52.63 kB |
chunk-4FSSKZJ2.js   | rfq-request        |  49.38 kB |
chunk-ZA4UTNNC.js   | builder            |  34.97 kB |
chunk-5CAP6WAX.js   | cart               |  32.16 kB |
chunk-BU4NUFHL.js   | order-confirmation |  31.69 kB |
chunk-XC3H24WE.js   | compare            |  28.15 kB |
chunk-AWPJKOA7.js   | login              |  27.35 kB |
chunk-V54GOZWL.js   | -                  |  25.83 kB |
chunk-4QYBDAWL.js   | verify-certificate |  24.76 kB |
chunk-Y3LKALIK.js   | treasure-chest     |  22.68 kB |
chunk-3QQ6LTVY.js   | wishlist           |  18.85 kB |
...and 10 more lazy chunks files. Use "--verbose" to show all the files.

Application bundle generation complete. [0.203 seconds] - 2026-03-21T08:01:48.619Z

❯ Changes detected. Rebuilding...
✔ Changes detected. Rebuilding...
Initial chunk files | Names              |  Raw size
styles.css          | styles             | 162.36 kB |
main.js             | main               | 130.75 kB |
chunk-5WA5XW6O.js   | -                  |   8.45 kB |
chunk-C6QAKNMJ.js   | -                  |   4.20 kB |
chunk-HTW43754.js   | -                  |   3.89 kB |
chunk-FJMI3LCA.js   | -                  |   3.26 kB |
chunk-QSNXJCWS.js   | -                  |   2.47 kB |
chunk-6Y2CA2AJ.js   | -                  |   2.13 kB |
chunk-ODITWSNP.js   | -                  |   2.13 kB |
chunk-Y2TJN7LJ.js   | -                  |   2.11 kB |
chunk-3WXPN7TQ.js   | -                  |   1.75 kB |
chunk-653SOEEV.js   | -                  |   1.51 kB |
chunk-LCGVFA3O.js   | -                  |   1.20 kB |
chunk-4S3FCL3R.js   | -                  |   1.19 kB |
chunk-ZP26WZID.js   | -                  | 497 bytes |
polyfills.js        | polyfills          |  95 bytes |

                    | Initial total      | 328.01 kB

Lazy chunk files    | Names              |  Raw size
chunk-RXN7ANHE.js   | product-detail     | 137.02 kB |
chunk-GVH6CE54.js   | account            |  77.01 kB |
chunk-7NKGF2OY.js   | products           |  71.47 kB |
chunk-2POX2C5J.js   | checkout           |  70.54 kB |
chunk-HR3V5JUL.js   | home               |  52.63 kB |
chunk-4FSSKZJ2.js   | rfq-request        |  49.38 kB |
chunk-ZA4UTNNC.js   | builder            |  34.97 kB |
chunk-5CAP6WAX.js   | cart               |  32.16 kB |
chunk-BU4NUFHL.js   | order-confirmation |  31.69 kB |
chunk-XC3H24WE.js   | compare            |  28.15 kB |
chunk-AWPJKOA7.js   | login              |  27.35 kB |
chunk-V54GOZWL.js   | -                  |  25.83 kB |
chunk-4QYBDAWL.js   | verify-certificate |  24.76 kB |
chunk-Y3LKALIK.js   | treasure-chest     |  22.68 kB |
chunk-3QQ6LTVY.js   | wishlist           |  18.85 kB |
...and 10 more lazy chunks files. Use "--verbose" to show all the files.

Application bundle generation complete. [0.237 seconds] - 2026-03-21T08:03:02.689Z

❯ Changes detected. Rebuilding...
✔ Changes detected. Rebuilding...
Initial chunk files | Names              |  Raw size
styles.css          | styles             | 162.36 kB |
main.js             | main               | 130.75 kB |
chunk-5WA5XW6O.js   | -                  |   8.45 kB |
chunk-C6QAKNMJ.js   | -                  |   4.20 kB |
chunk-HTW43754.js   | -                  |   3.89 kB |
chunk-FJMI3LCA.js   | -                  |   3.26 kB |
chunk-QSNXJCWS.js   | -                  |   2.47 kB |
chunk-6Y2CA2AJ.js   | -                  |   2.13 kB |
chunk-ODITWSNP.js   | -                  |   2.13 kB |
chunk-Y2TJN7LJ.js   | -                  |   2.11 kB |
chunk-3WXPN7TQ.js   | -                  |   1.75 kB |
chunk-653SOEEV.js   | -                  |   1.51 kB |
chunk-LCGVFA3O.js   | -                  |   1.20 kB |
chunk-4S3FCL3R.js   | -                  |   1.19 kB |
chunk-ZP26WZID.js   | -                  | 497 bytes |
polyfills.js        | polyfills          |  95 bytes |

                    | Initial total      | 328.01 kB

Lazy chunk files    | Names              |  Raw size
chunk-RXN7ANHE.js   | product-detail     | 137.02 kB |
chunk-GVH6CE54.js   | account            |  77.01 kB |
chunk-7NKGF2OY.js   | products           |  71.47 kB |
chunk-2POX2C5J.js   | checkout           |  70.54 kB |
chunk-HR3V5JUL.js   | home               |  52.63 kB |
chunk-4FSSKZJ2.js   | rfq-request        |  49.38 kB |
chunk-ZA4UTNNC.js   | builder            |  34.97 kB |
chunk-5CAP6WAX.js   | cart               |  32.16 kB |
chunk-BU4NUFHL.js   | order-confirmation |  31.69 kB |
chunk-XC3H24WE.js   | compare            |  28.15 kB |
chunk-AWPJKOA7.js   | login              |  27.35 kB |
chunk-V54GOZWL.js   | -                  |  25.83 kB |
chunk-4QYBDAWL.js   | verify-certificate |  24.76 kB |
chunk-Y3LKALIK.js   | treasure-chest     |  22.68 kB |
chunk-3QQ6LTVY.js   | wishlist           |  18.85 kB |
...and 10 more lazy chunks files. Use "--verbose" to show all the files.

Application bundle generation complete. [0.185 seconds] - 2026-03-21T08:03:50.060Z

❯ Changes detected. Rebuilding...
✔ Changes detected. Rebuilding...
Initial chunk files | Names              |  Raw size
styles.css          | styles             | 162.36 kB |
main.js             | main               | 130.75 kB |
chunk-5WA5XW6O.js   | -                  |   8.45 kB |
chunk-C6QAKNMJ.js   | -                  |   4.20 kB |
chunk-HTW43754.js   | -                  |   3.89 kB |
chunk-FJMI3LCA.js   | -                  |   3.26 kB |
chunk-QSNXJCWS.js   | -                  |   2.47 kB |
chunk-6Y2CA2AJ.js   | -                  |   2.13 kB |
chunk-ODITWSNP.js   | -                  |   2.13 kB |
chunk-Y2TJN7LJ.js   | -                  |   2.11 kB |
chunk-3WXPN7TQ.js   | -                  |   1.75 kB |
chunk-653SOEEV.js   | -                  |   1.51 kB |
chunk-LCGVFA3O.js   | -                  |   1.20 kB |
chunk-4S3FCL3R.js   | -                  |   1.19 kB |
chunk-ZP26WZID.js   | -                  | 497 bytes |
polyfills.js        | polyfills          |  95 bytes |

                    | Initial total      | 328.01 kB

Lazy chunk files    | Names              |  Raw size
chunk-RXN7ANHE.js   | product-detail     | 137.02 kB |
chunk-GVH6CE54.js   | account            |  77.01 kB |
chunk-7NKGF2OY.js   | products           |  71.47 kB |
chunk-2POX2C5J.js   | checkout           |  70.54 kB |
chunk-HR3V5JUL.js   | home               |  52.63 kB |
chunk-4FSSKZJ2.js   | rfq-request        |  49.38 kB |
chunk-ZA4UTNNC.js   | builder            |  34.97 kB |
chunk-5CAP6WAX.js   | cart               |  32.16 kB |
chunk-BU4NUFHL.js   | order-confirmation |  31.69 kB |
chunk-XC3H24WE.js   | compare            |  28.15 kB |
chunk-AWPJKOA7.js   | login              |  27.35 kB |
chunk-V54GOZWL.js   | -                  |  25.83 kB |
chunk-4QYBDAWL.js   | verify-certificate |  24.76 kB |
chunk-Y3LKALIK.js   | treasure-chest     |  22.68 kB |
chunk-3QQ6LTVY.js   | wishlist           |  18.85 kB |
...and 10 more lazy chunks files. Use "--verbose" to show all the files.

Application bundle generation complete. [0.819 seconds] - 2026-03-21T08:06:55.873Z

❯ Changes detected. Rebuilding...
✔ Changes detected. Rebuilding...
Initial chunk files | Names              |  Raw size
styles.css          | styles             | 162.36 kB |
main.js             | main               | 130.75 kB |
chunk-5WA5XW6O.js   | -                  |   8.45 kB |
chunk-C6QAKNMJ.js   | -                  |   4.20 kB |
chunk-HTW43754.js   | -                  |   3.89 kB |
chunk-FJMI3LCA.js   | -                  |   3.26 kB |
chunk-QSNXJCWS.js   | -                  |   2.47 kB |
chunk-6Y2CA2AJ.js   | -                  |   2.13 kB |
chunk-ODITWSNP.js   | -                  |   2.13 kB |
chunk-Y2TJN7LJ.js   | -                  |   2.11 kB |
chunk-3WXPN7TQ.js   | -                  |   1.75 kB |
chunk-653SOEEV.js   | -                  |   1.51 kB |
chunk-LCGVFA3O.js   | -                  |   1.20 kB |
chunk-4S3FCL3R.js   | -                  |   1.19 kB |
chunk-ZP26WZID.js   | -                  | 497 bytes |
polyfills.js        | polyfills          |  95 bytes |

                    | Initial total      | 328.01 kB

Lazy chunk files    | Names              |  Raw size
chunk-RXN7ANHE.js   | product-detail     | 137.02 kB |
chunk-GVH6CE54.js   | account            |  77.01 kB |
chunk-7NKGF2OY.js   | products           |  71.47 kB |
chunk-2POX2C5J.js   | checkout           |  70.54 kB |
chunk-HR3V5JUL.js   | home               |  52.63 kB |
chunk-4FSSKZJ2.js   | rfq-request        |  49.38 kB |
chunk-ZA4UTNNC.js   | builder            |  34.97 kB |
chunk-5CAP6WAX.js   | cart               |  32.16 kB |
chunk-BU4NUFHL.js   | order-confirmation |  31.69 kB |
chunk-XC3H24WE.js   | compare            |  28.15 kB |
chunk-AWPJKOA7.js   | login              |  27.35 kB |
chunk-V54GOZWL.js   | -                  |  25.83 kB |
chunk-4QYBDAWL.js   | verify-certificate |  24.76 kB |
chunk-Y3LKALIK.js   | treasure-chest     |  22.68 kB |
chunk-3QQ6LTVY.js   | wishlist           |  18.85 kB |
...and 10 more lazy chunks files. Use "--verbose" to show all the files.

Application bundle generation complete. [0.596 seconds] - 2026-03-21T08:08:24.589Z
