npm error code ERESOLVE
npm error ERESOLVE could not resolve
npm error
npm error While resolving: @angular/animations@20.3.15
npm error Found: @angular/core@20.1.4
npm error node_modules/@angular/core
npm error   @angular/core@"^20.1.0" from the root project
npm error   peerOptional @angular/core@"^20.0.0" from @angular-devkit/build-angular@20.3.16
npm error   node_modules/@angular-devkit/build-angular
npm error     @angular-devkit/build-angular@"^20.3.16" from the root project
npm error   6 more (@angular/build, @angular/common, @angular/forms, ...)
npm error
npm error Could not resolve dependency:
npm error peer @angular/core@"20.3.15" from @angular/animations@20.3.15
npm error node_modules/@angular/animations
npm error   @angular/animations@"^20.3.15" from the root project
npm error
npm error Conflicting peer dependency: @angular/core@20.3.15
npm error node_modules/@angular/core
npm error   peer @angular/core@"20.3.15" from @angular/animations@20.3.15
npm error   node_modules/@angular/animations
npm error     @angular/animations@"^20.3.15" from the root project
npm error
npm error Fix the upstream dependency conflict, or retry
npm error this command with --force or --legacy-peer-deps
npm error to accept an incorrect (and potentially broken) dependency resolution.
npm error
npm error
npm error For a full report see:
npm error /home/jules/.npm/_logs/2026-05-12T02_35_12_954Z-eresolve-report.txt
npm error A complete log of this run can be found in: /home/jules/.npm/_logs/2026-05-12T02_35_12_954Z-debug-0.log
