
> fusion-angular-tailwind-starter@0.0.0 start
> ng serve

❯ Building...
✔ Building...
Browser bundles
Initial chunk files  | Names              |  Raw size
styles.css           | styles             | 161.34 kB |
main.js              | main               | 133.25 kB |
chunk-KP3VH7BD.js    | -                  |   8.50 kB |
chunk-C6QAKNMJ.js    | -                  |   4.20 kB |
chunk-HTW43754.js    | -                  |   3.89 kB |
chunk-GFHWDHA7.js    | -                  |   3.13 kB |
chunk-AHT676T4.js    | -                  |   2.76 kB |
chunk-QSNXJCWS.js    | -                  |   2.47 kB |
chunk-6Y2CA2AJ.js    | -                  |   2.13 kB |
chunk-ODITWSNP.js    | -                  |   2.13 kB |
chunk-L44V5E46.js    | -                  |   1.75 kB |
chunk-653SOEEV.js    | -                  |   1.51 kB |
chunk-LCGVFA3O.js    | -                  |   1.20 kB |
chunk-4S3FCL3R.js    | -                  |   1.19 kB |
chunk-ZP26WZID.js    | -                  | 497 bytes |
polyfills.js         | polyfills          |  95 bytes |

                     | Initial total      | 330.06 kB

Lazy chunk files     | Names              |  Raw size
chunk-O3CGHSXZ.js    | product-detail     | 149.31 kB |
chunk-D6FV6ZNR.js    | account            |  77.82 kB |
chunk-64VS5A5F.js    | products           |  72.45 kB |
chunk-QCDWO7ZR.js    | checkout           |  71.52 kB |
chunk-4FSSKZJ2.js    | rfq-request        |  49.38 kB |
chunk-7XHU3N5R.js    | home               |  44.17 kB |
chunk-QKI3FKLQ.js    | builder            |  35.00 kB |
chunk-4LVN736L.js    | cart               |  32.19 kB |
chunk-LJAYY4SY.js    | order-confirmation |  31.72 kB |
chunk-DW5WJQMC.js    | compare            |  28.18 kB |
chunk-AWPJKOA7.js    | login              |  27.35 kB |
chunk-MZKBHREW.js    | -                  |  25.83 kB |
chunk-4QYBDAWL.js    | verify-certificate |  24.76 kB |
chunk-ISIHW4CM.js    | treasure-chest     |  22.71 kB |
chunk-EJIGZY7W.js    | wishlist           |  18.88 kB |
...and 12 more lazy chunks files. Use "--verbose" to show all the files.


Server bundles
Initial chunk files  | Names              |  Raw size
main.server.mjs      | main.server        | 134.24 kB |
chunk-3HGA2LSE.mjs   | -                  |   8.54 kB |
server.mjs           | server             |   4.87 kB |
chunk-UKABCTFM.mjs   | -                  |   4.24 kB |
chunk-T5XT2XYS.mjs   | -                  |   3.93 kB |
chunk-EXJU5LDK.mjs   | -                  |   3.17 kB |
chunk-OPZOAECZ.mjs   | -                  |   2.79 kB |
chunk-DLGZQGYV.mjs   | -                  |   2.50 kB |
chunk-F2P3I4HP.mjs   | -                  |   2.17 kB |
chunk-3R5CXVJY.mjs   | -                  |   2.16 kB |
chunk-XAXX5PMV.mjs   | -                  |   2.11 kB |
chunk-ZDB4Z7GC.mjs   | -                  |   1.79 kB |
chunk-VVKLORHU.mjs   | -                  |   1.24 kB |
chunk-REOGP5AB.mjs   | -                  |   1.23 kB |
chunk-PXWSZ4C7.mjs   | -                  | 532 bytes |
polyfills.server.mjs | polyfills.server   | 266 bytes |

Lazy chunk files     | Names              |  Raw size
chunk-SRH5E6UE.mjs   | product-detail     | 149.35 kB |
chunk-HE44VS7Y.mjs   | account            |  77.86 kB |
chunk-7JOI6RMB.mjs   | products           |  72.50 kB |
chunk-DLNJ4WVH.mjs   | checkout           |  71.56 kB |
chunk-I3EY7CH6.mjs   | rfq-request        |  49.42 kB |
chunk-BVIL6HES.mjs   | home               |  44.22 kB |
chunk-KPA3OOEZ.mjs   | builder            |  35.05 kB |
chunk-FSJ5BA6Z.mjs   | cart               |  32.23 kB |
chunk-W4P5IQBC.mjs   | order-confirmation |  31.76 kB |
chunk-EH5WIP2W.mjs   | compare            |  28.22 kB |
chunk-BWHPAOM3.mjs   | login              |  27.39 kB |
chunk-7G7XL5KI.mjs   | -                  |  25.87 kB |
chunk-ERP2JWXZ.mjs   | verify-certificate |  24.80 kB |
chunk-RLGQJ3RM.mjs   | treasure-chest     |  22.75 kB |
chunk-HODV22TX.mjs   | wishlist           |  18.93 kB |
...and 12 more lazy chunks files. Use "--verbose" to show all the files.

Application bundle generation complete. [12.117 seconds] - 2026-05-12T02:51:08.976Z

Watch mode enabled. Watching for file changes...
NOTE: Raw file sizes do not reflect development server per-request transformations.
  ➜  Local:   http://localhost:4200/
NG02801: Angular detected that `HttpClient` is not configured to use `fetch` APIs. It's strongly recommended to enable `fetch` for applications that use Server-Side Rendering for better performance and compatibility. To enable `fetch`, add the `withFetch()` to the `provideHttpClient()` call at the root of the application.
❯ Changes detected. Rebuilding...
✔ Changes detected. Rebuilding...
Browser bundles
Initial chunk files  | Names              |  Raw size
styles.css           | styles             | 161.34 kB |
main.js              | main               | 133.25 kB |
chunk-KP3VH7BD.js    | -                  |   8.50 kB |
chunk-C6QAKNMJ.js    | -                  |   4.20 kB |
chunk-HTW43754.js    | -                  |   3.89 kB |
chunk-GFHWDHA7.js    | -                  |   3.13 kB |
chunk-AHT676T4.js    | -                  |   2.76 kB |
chunk-QSNXJCWS.js    | -                  |   2.47 kB |
chunk-6Y2CA2AJ.js    | -                  |   2.13 kB |
chunk-ODITWSNP.js    | -                  |   2.13 kB |
chunk-L44V5E46.js    | -                  |   1.75 kB |
chunk-653SOEEV.js    | -                  |   1.51 kB |
chunk-LCGVFA3O.js    | -                  |   1.20 kB |
chunk-4S3FCL3R.js    | -                  |   1.19 kB |
chunk-ZP26WZID.js    | -                  | 497 bytes |
polyfills.js         | polyfills          |  95 bytes |

                     | Initial total      | 330.06 kB

Lazy chunk files     | Names              |  Raw size
chunk-O3CGHSXZ.js    | product-detail     | 149.31 kB |
chunk-D6FV6ZNR.js    | account            |  77.82 kB |
chunk-64VS5A5F.js    | products           |  72.45 kB |
chunk-QCDWO7ZR.js    | checkout           |  71.52 kB |
chunk-4FSSKZJ2.js    | rfq-request        |  49.38 kB |
chunk-7XHU3N5R.js    | home               |  44.17 kB |
chunk-QKI3FKLQ.js    | builder            |  35.00 kB |
chunk-4LVN736L.js    | cart               |  32.19 kB |
chunk-LJAYY4SY.js    | order-confirmation |  31.72 kB |
chunk-DW5WJQMC.js    | compare            |  28.18 kB |
chunk-AWPJKOA7.js    | login              |  27.35 kB |
chunk-MZKBHREW.js    | -                  |  25.83 kB |
chunk-4QYBDAWL.js    | verify-certificate |  24.76 kB |
chunk-ISIHW4CM.js    | treasure-chest     |  22.71 kB |
chunk-EJIGZY7W.js    | wishlist           |  18.88 kB |
...and 12 more lazy chunks files. Use "--verbose" to show all the files.


Server bundles
Initial chunk files  | Names              |  Raw size
main.server.mjs      | main.server        | 134.24 kB |
chunk-3HGA2LSE.mjs   | -                  |   8.54 kB |
server.mjs           | server             |   4.87 kB |
chunk-UKABCTFM.mjs   | -                  |   4.24 kB |
chunk-T5XT2XYS.mjs   | -                  |   3.93 kB |
chunk-EXJU5LDK.mjs   | -                  |   3.17 kB |
chunk-OPZOAECZ.mjs   | -                  |   2.79 kB |
chunk-DLGZQGYV.mjs   | -                  |   2.50 kB |
chunk-F2P3I4HP.mjs   | -                  |   2.17 kB |
chunk-3R5CXVJY.mjs   | -                  |   2.16 kB |
chunk-XAXX5PMV.mjs   | -                  |   2.11 kB |
chunk-ZDB4Z7GC.mjs   | -                  |   1.79 kB |
chunk-VVKLORHU.mjs   | -                  |   1.24 kB |
chunk-REOGP5AB.mjs   | -                  |   1.23 kB |
chunk-PXWSZ4C7.mjs   | -                  | 532 bytes |
polyfills.server.mjs | polyfills.server   | 266 bytes |

Lazy chunk files     | Names              |  Raw size
chunk-SRH5E6UE.mjs   | product-detail     | 149.35 kB |
chunk-HE44VS7Y.mjs   | account            |  77.86 kB |
chunk-7JOI6RMB.mjs   | products           |  72.50 kB |
chunk-DLNJ4WVH.mjs   | checkout           |  71.56 kB |
chunk-I3EY7CH6.mjs   | rfq-request        |  49.42 kB |
chunk-BVIL6HES.mjs   | home               |  44.22 kB |
chunk-KPA3OOEZ.mjs   | builder            |  35.05 kB |
chunk-FSJ5BA6Z.mjs   | cart               |  32.23 kB |
chunk-W4P5IQBC.mjs   | order-confirmation |  31.76 kB |
chunk-EH5WIP2W.mjs   | compare            |  28.22 kB |
chunk-BWHPAOM3.mjs   | login              |  27.39 kB |
chunk-7G7XL5KI.mjs   | -                  |  25.87 kB |
chunk-ERP2JWXZ.mjs   | verify-certificate |  24.80 kB |
chunk-RLGQJ3RM.mjs   | treasure-chest     |  22.75 kB |
chunk-HODV22TX.mjs   | wishlist           |  18.93 kB |
...and 12 more lazy chunks files. Use "--verbose" to show all the files.

Application bundle generation complete. [0.213 seconds] - 2026-05-12T02:59:54.901Z

❯ Changes detected. Rebuilding...
✔ Changes detected. Rebuilding...
Application bundle generation failed. [14.404 seconds] - 2026-05-12T03:44:04.664Z

[31m✘ [41;31m[[41;97mERROR[41;31m][0m [1mTS2339: Property 'discount' does not exist on type 'Cart'.[0m [1m[35m[plugin angular-compiler][0m

    src/app/pages/checkout.ts:624:35:
[37m      624 │         this.cartDiscount.set(cart.[32mdiscount[37m || 0);
          ╵                                    [32m~~~~~~~~[0m


❯ Changes detected. Rebuilding...
✔ Changes detected. Rebuilding...
Application bundle generation failed. [0.690 seconds] - 2026-05-12T03:48:10.577Z

[31m✘ [41;31m[[41;97mERROR[41;31m][0m [1mTS2339: Property 'discount' does not exist on type 'Cart'.[0m [1m[35m[plugin angular-compiler][0m

    src/app/pages/checkout.ts:624:35:
[37m      624 │         this.cartDiscount.set(cart.[32mdiscount[37m || 0);
          ╵                                    [32m~~~~~~~~[0m


❯ Changes detected. Rebuilding...
✔ Changes detected. Rebuilding...
Application bundle generation failed. [1.786 seconds] - 2026-05-12T03:51:11.166Z

[31m✘ [41;31m[[41;97mERROR[41;31m][0m [1mTS2339: Property 'discount' does not exist on type 'Cart'.[0m [1m[35m[plugin angular-compiler][0m

    src/app/pages/cart.ts:193:41:
[37m      193 │   discount = computed(() => this.cart()?.[32mdiscount[37m || 0);
          ╵                                          [32m~~~~~~~~[0m


[31m✘ [41;31m[[41;97mERROR[41;31m][0m [1mTS2339: Property 'discount' does not exist on type 'Cart'.[0m [1m[35m[plugin angular-compiler][0m

    src/app/pages/checkout.ts:624:35:
[37m      624 │         this.cartDiscount.set(cart.[32mdiscount[37m || 0);
          ╵                                    [32m~~~~~~~~[0m


❯ Changes detected. Rebuilding...
✔ Changes detected. Rebuilding...
Browser bundles
Initial chunk files  | Names              |  Raw size
styles.css           | styles             | 161.34 kB |
main.js              | main               | 133.25 kB |
chunk-KP3VH7BD.js    | -                  |   8.50 kB |
chunk-C6QAKNMJ.js    | -                  |   4.20 kB |
chunk-HTW43754.js    | -                  |   3.89 kB |
chunk-GFHWDHA7.js    | -                  |   3.13 kB |
chunk-AHT676T4.js    | -                  |   2.76 kB |
chunk-QSNXJCWS.js    | -                  |   2.47 kB |
chunk-6Y2CA2AJ.js    | -                  |   2.13 kB |
chunk-ODITWSNP.js    | -                  |   2.13 kB |
chunk-L44V5E46.js    | -                  |   1.75 kB |
chunk-653SOEEV.js    | -                  |   1.51 kB |
chunk-LCGVFA3O.js    | -                  |   1.20 kB |
chunk-4S3FCL3R.js    | -                  |   1.19 kB |
chunk-ZP26WZID.js    | -                  | 497 bytes |
polyfills.js         | polyfills          |  95 bytes |

                     | Initial total      | 330.06 kB

Lazy chunk files     | Names              |  Raw size
chunk-O3CGHSXZ.js    | product-detail     | 149.31 kB |
chunk-D6FV6ZNR.js    | account            |  77.82 kB |
chunk-66JQ457G.js    | checkout           |  72.81 kB |
chunk-64VS5A5F.js    | products           |  72.45 kB |
chunk-4FSSKZJ2.js    | rfq-request        |  49.38 kB |
chunk-7XHU3N5R.js    | home               |  44.17 kB |
chunk-QKI3FKLQ.js    | builder            |  35.00 kB |
chunk-OVOWQY7T.js    | cart               |  32.18 kB |
chunk-LJAYY4SY.js    | order-confirmation |  31.72 kB |
chunk-DW5WJQMC.js    | compare            |  28.18 kB |
chunk-AWPJKOA7.js    | login              |  27.35 kB |
chunk-MZKBHREW.js    | -                  |  25.83 kB |
chunk-4QYBDAWL.js    | verify-certificate |  24.76 kB |
chunk-ISIHW4CM.js    | treasure-chest     |  22.71 kB |
chunk-EJIGZY7W.js    | wishlist           |  18.88 kB |
...and 12 more lazy chunks files. Use "--verbose" to show all the files.


Server bundles
Initial chunk files  | Names              |  Raw size
main.server.mjs      | main.server        | 134.24 kB |
chunk-3HGA2LSE.mjs   | -                  |   8.54 kB |
server.mjs           | server             |   4.87 kB |
chunk-UKABCTFM.mjs   | -                  |   4.24 kB |
chunk-T5XT2XYS.mjs   | -                  |   3.93 kB |
chunk-EXJU5LDK.mjs   | -                  |   3.17 kB |
chunk-OPZOAECZ.mjs   | -                  |   2.79 kB |
chunk-DLGZQGYV.mjs   | -                  |   2.50 kB |
chunk-F2P3I4HP.mjs   | -                  |   2.17 kB |
chunk-3R5CXVJY.mjs   | -                  |   2.16 kB |
chunk-XAXX5PMV.mjs   | -                  |   2.11 kB |
chunk-ZDB4Z7GC.mjs   | -                  |   1.79 kB |
chunk-VVKLORHU.mjs   | -                  |   1.24 kB |
chunk-REOGP5AB.mjs   | -                  |   1.23 kB |
chunk-PXWSZ4C7.mjs   | -                  | 532 bytes |
polyfills.server.mjs | polyfills.server   | 266 bytes |

Lazy chunk files     | Names              |  Raw size
chunk-SRH5E6UE.mjs   | product-detail     | 149.35 kB |
chunk-HE44VS7Y.mjs   | account            |  77.86 kB |
chunk-C2ZKEY6F.mjs   | checkout           |  72.85 kB |
chunk-7JOI6RMB.mjs   | products           |  72.50 kB |
chunk-I3EY7CH6.mjs   | rfq-request        |  49.42 kB |
chunk-BVIL6HES.mjs   | home               |  44.22 kB |
chunk-KPA3OOEZ.mjs   | builder            |  35.05 kB |
chunk-ITWEUGSP.mjs   | cart               |  32.22 kB |
chunk-W4P5IQBC.mjs   | order-confirmation |  31.76 kB |
chunk-EH5WIP2W.mjs   | compare            |  28.22 kB |
chunk-BWHPAOM3.mjs   | login              |  27.39 kB |
chunk-7G7XL5KI.mjs   | -                  |  25.87 kB |
chunk-ERP2JWXZ.mjs   | verify-certificate |  24.80 kB |
chunk-RLGQJ3RM.mjs   | treasure-chest     |  22.75 kB |
chunk-HODV22TX.mjs   | wishlist           |  18.93 kB |
...and 12 more lazy chunks files. Use "--verbose" to show all the files.

Application bundle generation complete. [2.126 seconds] - 2026-05-12T03:54:51.991Z

Page reload sent to client(s).
