
> fusion-angular-tailwind-starter@0.0.0 build
> ng build

❯ Building...
✔ Building...
Browser bundles
Initial chunk files   | Names              |  Raw size | Estimated transfer size
chunk-PN3TI7I6.js     | -                  | 218.63 kB |                63.77 kB
styles-GZCWFSXW.css   | styles             | 124.42 kB |                14.10 kB
main-UPTSKWIW.js      | main               | 116.91 kB |                30.84 kB
chunk-PBCA76E6.js     | -                  |  73.95 kB |                18.33 kB
chunk-LIEAVDBG.js     | -                  |  43.43 kB |                 8.91 kB
polyfills-5CFQRCPP.js | polyfills          |  34.59 kB |                11.33 kB
chunk-T2CG4Q54.js     | -                  |  19.05 kB |                 5.78 kB
chunk-KZCG6MNZ.js     | -                  |  14.88 kB |                 4.62 kB
chunk-UDECJKI6.js     | -                  |   4.68 kB |                 1.49 kB
chunk-WKXLNELM.js     | -                  |   2.34 kB |               766 bytes
chunk-TPD6NSDV.js     | -                  |   1.70 kB |               549 bytes
chunk-MUMOEROR.js     | -                  |   1.42 kB |               628 bytes
chunk-K5PF2TPR.js     | -                  |   1.31 kB |               586 bytes
chunk-HECSML5O.js     | -                  |   1.27 kB |               495 bytes
chunk-WANKYHUH.js     | -                  | 908 bytes |               908 bytes
chunk-NSKS72CG.js     | -                  | 885 bytes |               885 bytes
chunk-SZNF54JI.js     | -                  | 757 bytes |               757 bytes
chunk-F6ARNPD3.js     | -                  | 429 bytes |               429 bytes
chunk-QGJJBQAT.js     | -                  | 374 bytes |               374 bytes
chunk-OUQHUZ6P.js     | -                  | 325 bytes |               325 bytes
chunk-NOIQADEI.js     | -                  | 212 bytes |               212 bytes

                      | Initial total      | 662.47 kB |               166.07 kB

Lazy chunk files      | Names              |  Raw size | Estimated transfer size
chunk-RYASPI36.js     | product-detail     |  47.09 kB |                11.28 kB
chunk-YCXGLZUQ.js     | account            |  24.86 kB |                 5.92 kB
chunk-4FILNEIS.js     | products           |  24.06 kB |                 6.29 kB
chunk-SNA2GTBV.js     | checkout           |  23.55 kB |                 5.91 kB
chunk-M2MWH5V6.js     | home               |  15.97 kB |                 4.60 kB
chunk-I6TKOMYJ.js     | rfq-request        |  14.11 kB |                 3.89 kB
chunk-V34OIPNY.js     | builder            |  10.82 kB |                 2.85 kB
chunk-Q4J5JDHS.js     | cart               |  10.41 kB |                 3.21 kB
chunk-FL5KROQ6.js     | order-confirmation |   8.96 kB |                 2.91 kB
chunk-BNJEH5QT.js     | compare            |   8.77 kB |                 2.48 kB
chunk-7OC235CK.js     | -                  |   8.07 kB |                 2.42 kB
chunk-YQFK4OGX.js     | verify-certificate |   8.00 kB |                 2.67 kB
chunk-5BQQ5J4B.js     | login              |   7.76 kB |                 2.23 kB
chunk-RL7UM252.js     | treasure-chest     |   7.30 kB |                 2.39 kB
chunk-YAYHOJ3X.js     | wishlist           |   6.87 kB |                 2.34 kB
...and 12 more lazy chunks files. Use "--verbose" to show all the files.


Server bundles
Initial chunk files   | Names              |  Raw size
server.mjs            | server             |   1.32 MB |
chunk-V5333P5X.mjs    | -                  | 456.63 kB |
polyfills.server.mjs  | polyfills.server   | 265.23 kB |
chunk-ZIDVVBTM.mjs    | -                  | 217.25 kB |
main.server.mjs       | main.server        | 112.54 kB |
chunk-QA4Q5XDX.mjs    | -                  |  74.04 kB |
chunk-3YPWDEFM.mjs    | -                  |  43.50 kB |
chunk-CD4NMNIB.mjs    | -                  |  19.36 kB |
chunk-ETP4ODJY.mjs    | -                  |  15.12 kB |
chunk-TUXCX62T.mjs    | -                  |   4.75 kB |
chunk-S6KH3LOX.mjs    | -                  |   2.77 kB |
chunk-H7AVZPBM.mjs    | -                  |   2.38 kB |
chunk-FNSROC57.mjs    | -                  |   1.73 kB |
chunk-4KUE2NOW.mjs    | -                  |   1.46 kB |
chunk-I4GEJWVQ.mjs    | -                  |   1.35 kB |
chunk-QO7DLGTF.mjs    | -                  |   1.30 kB |
chunk-7ELBRWNQ.mjs    | -                  | 983 bytes |
chunk-ZDIXZTSG.mjs    | -                  | 921 bytes |
chunk-2EB42JJB.mjs    | -                  | 794 bytes |
chunk-6Z726DNC.mjs    | -                  | 463 bytes |
chunk-U24BUMTW.mjs    | -                  | 407 bytes |
chunk-AKA2NFQP.mjs    | -                  | 360 bytes |
chunk-ICT4PX5H.mjs    | -                  | 246 bytes |

Lazy chunk files      | Names              |  Raw size
chunk-P5OZOJ6G.mjs    | product-detail     |  47.16 kB |
chunk-TVMDBEXS.mjs    | account            |  24.94 kB |
chunk-YXVP7YBT.mjs    | products           |  24.14 kB |
chunk-CMWNJDWD.mjs    | checkout           |  23.64 kB |
chunk-7YUMLL6W.mjs    | home               |  16.04 kB |
chunk-PGSCIZH5.mjs    | rfq-request        |  14.18 kB |
chunk-U7FCQRFK.mjs    | xhr2               |  12.08 kB |
chunk-25HZK6QJ.mjs    | builder            |  10.90 kB |
chunk-WQPPPQMS.mjs    | cart               |  10.48 kB |
chunk-ABV55IB3.mjs    | order-confirmation |   9.03 kB |
chunk-KE2ZVXME.mjs    | compare            |   8.83 kB |
chunk-H3JEE5J5.mjs    | -                  |   8.10 kB |
chunk-EUM7GIF3.mjs    | verify-certificate |   8.06 kB |
chunk-JMZ2IQPT.mjs    | login              |   7.83 kB |
chunk-3GFQK63T.mjs    | treasure-chest     |   7.38 kB |
...and 15 more lazy chunks files. Use "--verbose" to show all the files.

Prerendered 0 static routes.
Application bundle generation complete. [17.453 seconds] - 2026-05-12T02:53:51.654Z

[33m▲ [43;33m[[43;30mWARNING[43;33m][0m [1m1 rules skipped due to selector errors:
  () -> Empty sub-selector[0m


Output location: /app/dist/fusion-angular-tailwind-starter
